// Jest Snapshot v1, https://goo.gl/fbAQLP

exports[`<Footer /> should render 1`] = `
.c4 {
  font-size: 2.4rem;
}

.c2 {
  max-width: 120rem;
  margin: 0 auto;
  padding: 3.2rem;
}

.c0 {
  text-align: center;
  border-top: 0.1rem solid;
}

.c0 a {
  color: inherit;
  -webkit-text-decoration: none;
  text-decoration: none;
}

.c0 .c3 {
  font-size: 1.6rem;
}

.c0 .c1 {
  padding-top: 0;
  padding-bottom: 0;
}

<div>
  <footer
    class="c0"
  >
    <div
      class="c1 c2"
    >
      <div
        class="c3 c4"
      >
        <p>
          <a
            href="https://www.linkedin.com/in/marcos-melo-94609b1b6/"
          >
            Feito com ❤ por Marcos André
          </a>
        </p>
      </div>
    </div>
  </footer>
</div>
`;
